On document start
On map start
On scalar: config
On map start
On scalar: name
On scalar: 天气预报
On map end
On scalar: teststeps
On seq start
On map start
On scalar: name
On scalar: 1
On scalar: request
On map start
On scalar: url
On scalar: http://apis.juhe.cn/simpleWeather/query
On scalar: params
On map start
On scalar: city
On scalar: 济南
On scalar: key
On scalar: e9bbba7f1b86ddb76dfcdc029803c30a
On map end
On scalar: method
On scalar: GET
On map end
On scalar: validate
On seq start
On map start
On scalar: eq
On seq start
On scalar: status_code
On scalar: 200
On seq end
On map end
On seq end
On map end
On seq end
On map end
On document end
