(DOC_START)#
(BLOCK_SEQ_START)#
(BLOCK_ENTRY)#
(BLOCK_SEQ_START)#
(BLOCK_ENTRY)#
(BLOCK_MAP_START)#
(KEY)#
(SCALAR, aaa)#
(VALUE)#
(SCALAR, abcde fghijk)#
(BLOCK_MAP_END)#
(BLOCK_ENTRY)#
(SCALAR, bbb)#
(BLOCK_SEQ_END)#
(BLOCK_ENTRY)#
(BLOCK_MAP_START)#
(KEY)#
(SCALAR, key1)#
(VALUE)#
(BLOCK_MAP_START)#
(KEY)#
(SCALAR, key11)#
(VALUE)#
(SCALAR, ccc cccccc)#
(KEY)#
(SCALAR, key12)#
(VALUE)#
(SCALAR, ddddddd)#
(BLOCK_MAP_END)#
(BLOCK_MAP_END)#
(BLOCK_SEQ_END)#
