(STREAM_START)#
(BLOCK_MAP_START)#
(KEY)#
(SCALAR, escape)#
(VALUE)#
(SCALAR, this\ is 	 a
 string'")#
(BLOCK_MAP_END)#
(STREAM_END)#
