(BLOCK_SEQ_START)#
(BLOCK_ENTRY)#
(BLOCK_MAP_START)#
(KEY)#
(SCALAR, key1)#
(VALUE)#
(SCALAR, string1)#
(KEY)#
(SCALAR, key2)#
(VALUE)#
(SCALAR, string2 string3 string4)#
(KEY)#
(SCALAR, key3)#
(VALUE)#
(SCALAR, string5 string6)#
(BLOCK_MAP_END)#
(BLOCK_ENTRY)#
(SCALAR, end)#
(BLOCK_SEQ_END)#
