(DOC_START)#
(BLOCK_MAP_START)#
(KEY)#
(SCALAR, quote_str)#
(VALUE)#
(SCALAR, this     is a test string)#
(KEY)#
(SCALAR, next)#
(VALUE)#
(KEY)#
(SCALAR, last)#
(VALUE)#
(BLOCK_MAP_END)#
