(STREAM_START, )#
(DOC_START, ---)#
(BLOCK_MAP_START, )#
(KEY, empty)#
(SCALAR, )#
(KEY, preserve)#
(SCALAR, this
is
a
preserve
string
)#
(KEY, fold)#
(SCALAR, this is a fold string)#
(BLOCK_MAP_END, )#
(STREAM_END, )#
