(STREAM_START, )#
(DOC_START, ---)#
(BLOCK_SEQ_START, )#
(DASH, -)#
(BLOCK_SEQ_START, )#
(DASH, -)#
(BLOCK_MAP_START, )#
(KEY, aaa)#
(COLON, :)#
(SCALAR, abcde fghijk)#
(BLOCK_MAP_END, )#
(DASH, -)#
(SCALAR, bbb)#
(BLOCK_SEQ_END, )#
(DASH, -)#
(BLOCK_MAP_START, )#
(KEY, key1)#
(COLON, :)#
(BLOCK_MAP_START, )#
(KEY, key11)#
(COLON, :)#
(SCALAR, ccc cccccc)#
(KEY, key12)#
(COLON, :)#
(SCALAR, ddddddd)#
(BLOCK_MAP_END, )#
(BLOCK_MAP_END, )#
(BLOCK_SEQ_END, )#
(STREAM_END, )#
