(STREAM_START)#
(DOC_START)#
(BLOCK_SEQ_START)#
(BLOCK_SEQ_ENTRY)#
(SCALAR, 123456)#
(BLOCK_SEQ_ENTRY)#
(SCALAR, test)#
(BLOCK_SEQ_ENTRY)#
(BLOCK_MAP_START)#
(KEY, string)#
(SCALAR, this is a test string)#
(BLOCK_MAP_END)#
(BLOCK_SEQ_END)#
(STREAM_END)#
